Invalid HTTP_HOST header: '127.0.0.1:8000'. You may need to add '127.0.0.1' to ALLOWED_HOSTS.
Traceback (most recent call last):
  File "C:\Users\Paula Rodrigues Rabe\AppData\Local\pypoetry\Cache\virtualenvs\escola-1rRjh7yl-py3.12\Lib\site-packages\django\core\handlers\exception.py", line 55, in inner
    response = get_response(request)
               ^^^^^^^^^^^^^^^^^^^^^
  File "C:\Users\Paula Rodrigues Rabe\AppData\Local\pypoetry\Cache\virtualenvs\escola-1rRjh7yl-py3.12\Lib\site-packages\django\utils\deprecation.py", line 128, in __call__
    response = self.process_request(request)
               ^^^^^^^^^^^^^^^^^^^^^^^^^^^^^
  File "C:\Users\Paula Rodrigues Rabe\AppData\Local\pypoetry\Cache\virtualenvs\escola-1rRjh7yl-py3.12\Lib\site-packages\django\middleware\common.py", line 48, in process_request
    host = request.get_host()
           ^^^^^^^^^^^^^^^^^^
  File "C:\Users\Paula Rodrigues Rabe\AppData\Local\pypoetry\Cache\virtualenvs\escola-1rRjh7yl-py3.12\Lib\site-packages\django\http\request.py", line 151, in get_host
    raise DisallowedHost(msg)
django.core.exceptions.DisallowedHost: Invalid HTTP_HOST header: '127.0.0.1:8000'. You may need to add '127.0.0.1' to ALLOWED_HOSTS.
Invalid HTTP_HOST header: '127.0.0.1:8000'. You may need to add '127.0.0.1' to ALLOWED_HOSTS.
Traceback (most recent call last):
  File "C:\Users\Paula Rodrigues Rabe\AppData\Local\pypoetry\Cache\virtualenvs\escola-1rRjh7yl-py3.12\Lib\site-packages\django\core\handlers\exception.py", line 55, in inner
    response = get_response(request)
               ^^^^^^^^^^^^^^^^^^^^^
  File "C:\Users\Paula Rodrigues Rabe\AppData\Local\pypoetry\Cache\virtualenvs\escola-1rRjh7yl-py3.12\Lib\site-packages\django\utils\deprecation.py", line 128, in __call__
    response = self.process_request(request)
               ^^^^^^^^^^^^^^^^^^^^^^^^^^^^^
  File "C:\Users\Paula Rodrigues Rabe\AppData\Local\pypoetry\Cache\virtualenvs\escola-1rRjh7yl-py3.12\Lib\site-packages\django\middleware\common.py", line 48, in process_request
    host = request.get_host()
           ^^^^^^^^^^^^^^^^^^
  File "C:\Users\Paula Rodrigues Rabe\AppData\Local\pypoetry\Cache\virtualenvs\escola-1rRjh7yl-py3.12\Lib\site-packages\django\http\request.py", line 151, in get_host
    raise DisallowedHost(msg)
django.core.exceptions.DisallowedHost: Invalid HTTP_HOST header: '127.0.0.1:8000'. You may need to add '127.0.0.1' to ALLOWED_HOSTS.
Invalid HTTP_HOST header: '127.0.0.1:8000'. You may need to add '127.0.0.1' to ALLOWED_HOSTS.
Traceback (most recent call last):
  File "C:\Users\Paula Rodrigues Rabe\AppData\Local\pypoetry\Cache\virtualenvs\escola-1rRjh7yl-py3.12\Lib\site-packages\django\core\handlers\exception.py", line 55, in inner
    response = get_response(request)
               ^^^^^^^^^^^^^^^^^^^^^
  File "C:\Users\Paula Rodrigues Rabe\AppData\Local\pypoetry\Cache\virtualenvs\escola-1rRjh7yl-py3.12\Lib\site-packages\django\utils\deprecation.py", line 128, in __call__
    response = self.process_request(request)
               ^^^^^^^^^^^^^^^^^^^^^^^^^^^^^
  File "C:\Users\Paula Rodrigues Rabe\AppData\Local\pypoetry\Cache\virtualenvs\escola-1rRjh7yl-py3.12\Lib\site-packages\django\middleware\common.py", line 48, in process_request
    host = request.get_host()
           ^^^^^^^^^^^^^^^^^^
  File "C:\Users\Paula Rodrigues Rabe\AppData\Local\pypoetry\Cache\virtualenvs\escola-1rRjh7yl-py3.12\Lib\site-packages\django\http\request.py", line 151, in get_host
    raise DisallowedHost(msg)
django.core.exceptions.DisallowedHost: Invalid HTTP_HOST header: '127.0.0.1:8000'. You may need to add '127.0.0.1' to ALLOWED_HOSTS.
Invalid HTTP_HOST header: '127.0.0.1:8000'. You may need to add '127.0.0.1' to ALLOWED_HOSTS.
Traceback (most recent call last):
  File "C:\Users\Paula Rodrigues Rabe\AppData\Local\pypoetry\Cache\virtualenvs\escola-1rRjh7yl-py3.12\Lib\site-packages\django\core\handlers\exception.py", line 55, in inner
    response = get_response(request)
               ^^^^^^^^^^^^^^^^^^^^^
  File "C:\Users\Paula Rodrigues Rabe\AppData\Local\pypoetry\Cache\virtualenvs\escola-1rRjh7yl-py3.12\Lib\site-packages\django\utils\deprecation.py", line 128, in __call__
    response = self.process_request(request)
               ^^^^^^^^^^^^^^^^^^^^^^^^^^^^^
  File "C:\Users\Paula Rodrigues Rabe\AppData\Local\pypoetry\Cache\virtualenvs\escola-1rRjh7yl-py3.12\Lib\site-packages\django\middleware\common.py", line 48, in process_request
    host = request.get_host()
           ^^^^^^^^^^^^^^^^^^
  File "C:\Users\Paula Rodrigues Rabe\AppData\Local\pypoetry\Cache\virtualenvs\escola-1rRjh7yl-py3.12\Lib\site-packages\django\http\request.py", line 151, in get_host
    raise DisallowedHost(msg)
django.core.exceptions.DisallowedHost: Invalid HTTP_HOST header: '127.0.0.1:8000'. You may need to add '127.0.0.1' to ALLOWED_HOSTS.
Internal Server Error: /api/v2/cursos/14/
Traceback (most recent call last):
  File "C:\Users\Paula Rodrigues Rabe\AppData\Local\pypoetry\Cache\virtualenvs\escola-1rRjh7yl-py3.12\Lib\site-packages\django\core\handlers\exception.py", line 55, in inner
    response = get_response(request)
               ^^^^^^^^^^^^^^^^^^^^^
  File "C:\Users\Paula Rodrigues Rabe\AppData\Local\pypoetry\Cache\virtualenvs\escola-1rRjh7yl-py3.12\Lib\site-packages\django\utils\deprecation.py", line 128, in __call__
    response = self.process_request(request)
               ^^^^^^^^^^^^^^^^^^^^^^^^^^^^^
  File "C:\Users\Paula Rodrigues Rabe\AppData\Local\pypoetry\Cache\virtualenvs\escola-1rRjh7yl-py3.12\Lib\site-packages\django\contrib\messages\middleware.py", line 12, in process_request
    request._messages = default_storage(request)
                        ^^^^^^^^^^^^^^^^^^^^^^^^
  File "C:\Users\Paula Rodrigues Rabe\AppData\Local\pypoetry\Cache\virtualenvs\escola-1rRjh7yl-py3.12\Lib\site-packages\django\contrib\messages\storage\__init__.py", line 12, in default_storage
    return import_string(settings.MESSAGE_STORAGE)(request)
           ^^^^^^^^^^^^^^^^^^^^^^^^^^^^^^^^^^^^^^^^^^^^^^^^
  File "C:\Users\Paula Rodrigues Rabe\AppData\Local\pypoetry\Cache\virtualenvs\escola-1rRjh7yl-py3.12\Lib\site-packages\django\contrib\messages\storage\fallback.py", line 17, in __init__
    storage_class(*args, **kwargs) for storage_class in self.storage_classes
    ^^^^^^^^^^^^^^^^^^^^^^^^^^^^^^
  File "C:\Users\Paula Rodrigues Rabe\AppData\Local\pypoetry\Cache\virtualenvs\escola-1rRjh7yl-py3.12\Lib\site-packages\django\contrib\messages\storage\cookie.py", line 92, in __init__
    self.signer = signing.get_cookie_signer(salt=self.key_salt)
                  ^^^^^^^^^^^^^^^^^^^^^^^^^^^^^^^^^^^^^^^^^^^^^
  File "C:\Users\Paula Rodrigues Rabe\AppData\Local\pypoetry\Cache\virtualenvs\escola-1rRjh7yl-py3.12\Lib\site-packages\django\core\signing.py", line 112, in get_cookie_signer
    key=_cookie_signer_key(settings.SECRET_KEY),
                           ^^^^^^^^^^^^^^^^^^^
  File "C:\Users\Paula Rodrigues Rabe\AppData\Local\pypoetry\Cache\virtualenvs\escola-1rRjh7yl-py3.12\Lib\site-packages\django\conf\__init__.py", line 90, in __getattr__
    raise ImproperlyConfigured("The SECRET_KEY setting must not be empty.")
django.core.exceptions.ImproperlyConfigured: The SECRET_KEY setting must not be empty.
Internal Server Error: /api/v2/cursos/
Traceback (most recent call last):
  File "C:\Users\Paula Rodrigues Rabe\AppData\Local\pypoetry\Cache\virtualenvs\escola-1rRjh7yl-py3.12\Lib\site-packages\django\core\handlers\exception.py", line 55, in inner
    response = get_response(request)
               ^^^^^^^^^^^^^^^^^^^^^
  File "C:\Users\Paula Rodrigues Rabe\AppData\Local\pypoetry\Cache\virtualenvs\escola-1rRjh7yl-py3.12\Lib\site-packages\django\utils\deprecation.py", line 128, in __call__
    response = self.process_request(request)
               ^^^^^^^^^^^^^^^^^^^^^^^^^^^^^
  File "C:\Users\Paula Rodrigues Rabe\AppData\Local\pypoetry\Cache\virtualenvs\escola-1rRjh7yl-py3.12\Lib\site-packages\django\contrib\messages\middleware.py", line 12, in process_request
    request._messages = default_storage(request)
                        ^^^^^^^^^^^^^^^^^^^^^^^^
  File "C:\Users\Paula Rodrigues Rabe\AppData\Local\pypoetry\Cache\virtualenvs\escola-1rRjh7yl-py3.12\Lib\site-packages\django\contrib\messages\storage\__init__.py", line 12, in default_storage
    return import_string(settings.MESSAGE_STORAGE)(request)
           ^^^^^^^^^^^^^^^^^^^^^^^^^^^^^^^^^^^^^^^^^^^^^^^^
  File "C:\Users\Paula Rodrigues Rabe\AppData\Local\pypoetry\Cache\virtualenvs\escola-1rRjh7yl-py3.12\Lib\site-packages\django\contrib\messages\storage\fallback.py", line 17, in __init__
    storage_class(*args, **kwargs) for storage_class in self.storage_classes
    ^^^^^^^^^^^^^^^^^^^^^^^^^^^^^^
  File "C:\Users\Paula Rodrigues Rabe\AppData\Local\pypoetry\Cache\virtualenvs\escola-1rRjh7yl-py3.12\Lib\site-packages\django\contrib\messages\storage\cookie.py", line 92, in __init__
    self.signer = signing.get_cookie_signer(salt=self.key_salt)
                  ^^^^^^^^^^^^^^^^^^^^^^^^^^^^^^^^^^^^^^^^^^^^^
  File "C:\Users\Paula Rodrigues Rabe\AppData\Local\pypoetry\Cache\virtualenvs\escola-1rRjh7yl-py3.12\Lib\site-packages\django\core\signing.py", line 112, in get_cookie_signer
    key=_cookie_signer_key(settings.SECRET_KEY),
                           ^^^^^^^^^^^^^^^^^^^
  File "C:\Users\Paula Rodrigues Rabe\AppData\Local\pypoetry\Cache\virtualenvs\escola-1rRjh7yl-py3.12\Lib\site-packages\django\conf\__init__.py", line 90, in __getattr__
    raise ImproperlyConfigured("The SECRET_KEY setting must not be empty.")
django.core.exceptions.ImproperlyConfigured: The SECRET_KEY setting must not be empty.
Internal Server Error: /api/v2/cursos/
Traceback (most recent call last):
  File "C:\Users\Paula Rodrigues Rabe\AppData\Local\pypoetry\Cache\virtualenvs\escola-1rRjh7yl-py3.12\Lib\site-packages\django\core\handlers\exception.py", line 55, in inner
    response = get_response(request)
               ^^^^^^^^^^^^^^^^^^^^^
  File "C:\Users\Paula Rodrigues Rabe\AppData\Local\pypoetry\Cache\virtualenvs\escola-1rRjh7yl-py3.12\Lib\site-packages\django\utils\deprecation.py", line 128, in __call__
    response = self.process_request(request)
               ^^^^^^^^^^^^^^^^^^^^^^^^^^^^^
  File "C:\Users\Paula Rodrigues Rabe\AppData\Local\pypoetry\Cache\virtualenvs\escola-1rRjh7yl-py3.12\Lib\site-packages\django\contrib\messages\middleware.py", line 12, in process_request
    request._messages = default_storage(request)
                        ^^^^^^^^^^^^^^^^^^^^^^^^
  File "C:\Users\Paula Rodrigues Rabe\AppData\Local\pypoetry\Cache\virtualenvs\escola-1rRjh7yl-py3.12\Lib\site-packages\django\contrib\messages\storage\__init__.py", line 12, in default_storage
    return import_string(settings.MESSAGE_STORAGE)(request)
           ^^^^^^^^^^^^^^^^^^^^^^^^^^^^^^^^^^^^^^^^^^^^^^^^
  File "C:\Users\Paula Rodrigues Rabe\AppData\Local\pypoetry\Cache\virtualenvs\escola-1rRjh7yl-py3.12\Lib\site-packages\django\contrib\messages\storage\fallback.py", line 17, in __init__
    storage_class(*args, **kwargs) for storage_class in self.storage_classes
    ^^^^^^^^^^^^^^^^^^^^^^^^^^^^^^
  File "C:\Users\Paula Rodrigues Rabe\AppData\Local\pypoetry\Cache\virtualenvs\escola-1rRjh7yl-py3.12\Lib\site-packages\django\contrib\messages\storage\cookie.py", line 92, in __init__
    self.signer = signing.get_cookie_signer(salt=self.key_salt)
                  ^^^^^^^^^^^^^^^^^^^^^^^^^^^^^^^^^^^^^^^^^^^^^
  File "C:\Users\Paula Rodrigues Rabe\AppData\Local\pypoetry\Cache\virtualenvs\escola-1rRjh7yl-py3.12\Lib\site-packages\django\core\signing.py", line 112, in get_cookie_signer
    key=_cookie_signer_key(settings.SECRET_KEY),
                           ^^^^^^^^^^^^^^^^^^^
  File "C:\Users\Paula Rodrigues Rabe\AppData\Local\pypoetry\Cache\virtualenvs\escola-1rRjh7yl-py3.12\Lib\site-packages\django\conf\__init__.py", line 90, in __getattr__
    raise ImproperlyConfigured("The SECRET_KEY setting must not be empty.")
django.core.exceptions.ImproperlyConfigured: The SECRET_KEY setting must not be empty.
Internal Server Error: /api/v2/cursos/1/
Traceback (most recent call last):
  File "C:\Users\Paula Rodrigues Rabe\AppData\Local\pypoetry\Cache\virtualenvs\escola-1rRjh7yl-py3.12\Lib\site-packages\django\core\handlers\exception.py", line 55, in inner
    response = get_response(request)
               ^^^^^^^^^^^^^^^^^^^^^
  File "C:\Users\Paula Rodrigues Rabe\AppData\Local\pypoetry\Cache\virtualenvs\escola-1rRjh7yl-py3.12\Lib\site-packages\django\utils\deprecation.py", line 128, in __call__
    response = self.process_request(request)
               ^^^^^^^^^^^^^^^^^^^^^^^^^^^^^
  File "C:\Users\Paula Rodrigues Rabe\AppData\Local\pypoetry\Cache\virtualenvs\escola-1rRjh7yl-py3.12\Lib\site-packages\django\contrib\messages\middleware.py", line 12, in process_request
    request._messages = default_storage(request)
                        ^^^^^^^^^^^^^^^^^^^^^^^^
  File "C:\Users\Paula Rodrigues Rabe\AppData\Local\pypoetry\Cache\virtualenvs\escola-1rRjh7yl-py3.12\Lib\site-packages\django\contrib\messages\storage\__init__.py", line 12, in default_storage
    return import_string(settings.MESSAGE_STORAGE)(request)
           ^^^^^^^^^^^^^^^^^^^^^^^^^^^^^^^^^^^^^^^^^^^^^^^^
  File "C:\Users\Paula Rodrigues Rabe\AppData\Local\pypoetry\Cache\virtualenvs\escola-1rRjh7yl-py3.12\Lib\site-packages\django\contrib\messages\storage\fallback.py", line 17, in __init__
    storage_class(*args, **kwargs) for storage_class in self.storage_classes
    ^^^^^^^^^^^^^^^^^^^^^^^^^^^^^^
  File "C:\Users\Paula Rodrigues Rabe\AppData\Local\pypoetry\Cache\virtualenvs\escola-1rRjh7yl-py3.12\Lib\site-packages\django\contrib\messages\storage\cookie.py", line 92, in __init__
    self.signer = signing.get_cookie_signer(salt=self.key_salt)
                  ^^^^^^^^^^^^^^^^^^^^^^^^^^^^^^^^^^^^^^^^^^^^^
  File "C:\Users\Paula Rodrigues Rabe\AppData\Local\pypoetry\Cache\virtualenvs\escola-1rRjh7yl-py3.12\Lib\site-packages\django\core\signing.py", line 112, in get_cookie_signer
    key=_cookie_signer_key(settings.SECRET_KEY),
                           ^^^^^^^^^^^^^^^^^^^
  File "C:\Users\Paula Rodrigues Rabe\AppData\Local\pypoetry\Cache\virtualenvs\escola-1rRjh7yl-py3.12\Lib\site-packages\django\conf\__init__.py", line 90, in __getattr__
    raise ImproperlyConfigured("The SECRET_KEY setting must not be empty.")
django.core.exceptions.ImproperlyConfigured: The SECRET_KEY setting must not be empty.
Internal Server Error: /api/v2/cursos/14/
Traceback (most recent call last):
  File "C:\Users\Paula Rodrigues Rabe\AppData\Local\pypoetry\Cache\virtualenvs\escola-1rRjh7yl-py3.12\Lib\site-packages\django\core\handlers\exception.py", line 55, in inner
    response = get_response(request)
               ^^^^^^^^^^^^^^^^^^^^^
  File "C:\Users\Paula Rodrigues Rabe\AppData\Local\pypoetry\Cache\virtualenvs\escola-1rRjh7yl-py3.12\Lib\site-packages\django\utils\deprecation.py", line 128, in __call__
    response = self.process_request(request)
               ^^^^^^^^^^^^^^^^^^^^^^^^^^^^^
  File "C:\Users\Paula Rodrigues Rabe\AppData\Local\pypoetry\Cache\virtualenvs\escola-1rRjh7yl-py3.12\Lib\site-packages\django\contrib\messages\middleware.py", line 12, in process_request
    request._messages = default_storage(request)
                        ^^^^^^^^^^^^^^^^^^^^^^^^
  File "C:\Users\Paula Rodrigues Rabe\AppData\Local\pypoetry\Cache\virtualenvs\escola-1rRjh7yl-py3.12\Lib\site-packages\django\contrib\messages\storage\__init__.py", line 12, in default_storage
    return import_string(settings.MESSAGE_STORAGE)(request)
           ^^^^^^^^^^^^^^^^^^^^^^^^^^^^^^^^^^^^^^^^^^^^^^^^
  File "C:\Users\Paula Rodrigues Rabe\AppData\Local\pypoetry\Cache\virtualenvs\escola-1rRjh7yl-py3.12\Lib\site-packages\django\contrib\messages\storage\fallback.py", line 17, in __init__
    storage_class(*args, **kwargs) for storage_class in self.storage_classes
    ^^^^^^^^^^^^^^^^^^^^^^^^^^^^^^
  File "C:\Users\Paula Rodrigues Rabe\AppData\Local\pypoetry\Cache\virtualenvs\escola-1rRjh7yl-py3.12\Lib\site-packages\django\contrib\messages\storage\cookie.py", line 92, in __init__
    self.signer = signing.get_cookie_signer(salt=self.key_salt)
                  ^^^^^^^^^^^^^^^^^^^^^^^^^^^^^^^^^^^^^^^^^^^^^
  File "C:\Users\Paula Rodrigues Rabe\AppData\Local\pypoetry\Cache\virtualenvs\escola-1rRjh7yl-py3.12\Lib\site-packages\django\core\signing.py", line 112, in get_cookie_signer
    key=_cookie_signer_key(settings.SECRET_KEY),
                           ^^^^^^^^^^^^^^^^^^^
  File "C:\Users\Paula Rodrigues Rabe\AppData\Local\pypoetry\Cache\virtualenvs\escola-1rRjh7yl-py3.12\Lib\site-packages\django\conf\__init__.py", line 90, in __getattr__
    raise ImproperlyConfigured("The SECRET_KEY setting must not be empty.")
django.core.exceptions.ImproperlyConfigured: The SECRET_KEY setting must not be empty.
Internal Server Error: /api/v2/cursos/
Traceback (most recent call last):
  File "C:\Users\Paula Rodrigues Rabe\AppData\Local\pypoetry\Cache\virtualenvs\escola-1rRjh7yl-py3.12\Lib\site-packages\django\core\handlers\exception.py", line 55, in inner
    response = get_response(request)
               ^^^^^^^^^^^^^^^^^^^^^
  File "C:\Users\Paula Rodrigues Rabe\AppData\Local\pypoetry\Cache\virtualenvs\escola-1rRjh7yl-py3.12\Lib\site-packages\django\utils\deprecation.py", line 128, in __call__
    response = self.process_request(request)
               ^^^^^^^^^^^^^^^^^^^^^^^^^^^^^
  File "C:\Users\Paula Rodrigues Rabe\AppData\Local\pypoetry\Cache\virtualenvs\escola-1rRjh7yl-py3.12\Lib\site-packages\django\contrib\messages\middleware.py", line 12, in process_request
    request._messages = default_storage(request)
                        ^^^^^^^^^^^^^^^^^^^^^^^^
  File "C:\Users\Paula Rodrigues Rabe\AppData\Local\pypoetry\Cache\virtualenvs\escola-1rRjh7yl-py3.12\Lib\site-packages\django\contrib\messages\storage\__init__.py", line 12, in default_storage
    return import_string(settings.MESSAGE_STORAGE)(request)
           ^^^^^^^^^^^^^^^^^^^^^^^^^^^^^^^^^^^^^^^^^^^^^^^^
  File "C:\Users\Paula Rodrigues Rabe\AppData\Local\pypoetry\Cache\virtualenvs\escola-1rRjh7yl-py3.12\Lib\site-packages\django\contrib\messages\storage\fallback.py", line 17, in __init__
    storage_class(*args, **kwargs) for storage_class in self.storage_classes
    ^^^^^^^^^^^^^^^^^^^^^^^^^^^^^^
  File "C:\Users\Paula Rodrigues Rabe\AppData\Local\pypoetry\Cache\virtualenvs\escola-1rRjh7yl-py3.12\Lib\site-packages\django\contrib\messages\storage\cookie.py", line 92, in __init__
    self.signer = signing.get_cookie_signer(salt=self.key_salt)
                  ^^^^^^^^^^^^^^^^^^^^^^^^^^^^^^^^^^^^^^^^^^^^^
  File "C:\Users\Paula Rodrigues Rabe\AppData\Local\pypoetry\Cache\virtualenvs\escola-1rRjh7yl-py3.12\Lib\site-packages\django\core\signing.py", line 112, in get_cookie_signer
    key=_cookie_signer_key(settings.SECRET_KEY),
                           ^^^^^^^^^^^^^^^^^^^
  File "C:\Users\Paula Rodrigues Rabe\AppData\Local\pypoetry\Cache\virtualenvs\escola-1rRjh7yl-py3.12\Lib\site-packages\django\conf\__init__.py", line 90, in __getattr__
    raise ImproperlyConfigured("The SECRET_KEY setting must not be empty.")
django.core.exceptions.ImproperlyConfigured: The SECRET_KEY setting must not be empty.
Internal Server Error: /api/v2/cursos/
Traceback (most recent call last):
  File "C:\Users\Paula Rodrigues Rabe\AppData\Local\pypoetry\Cache\virtualenvs\escola-1rRjh7yl-py3.12\Lib\site-packages\django\core\handlers\exception.py", line 55, in inner
    response = get_response(request)
               ^^^^^^^^^^^^^^^^^^^^^
  File "C:\Users\Paula Rodrigues Rabe\AppData\Local\pypoetry\Cache\virtualenvs\escola-1rRjh7yl-py3.12\Lib\site-packages\django\utils\deprecation.py", line 128, in __call__
    response = self.process_request(request)
               ^^^^^^^^^^^^^^^^^^^^^^^^^^^^^
  File "C:\Users\Paula Rodrigues Rabe\AppData\Local\pypoetry\Cache\virtualenvs\escola-1rRjh7yl-py3.12\Lib\site-packages\django\contrib\messages\middleware.py", line 12, in process_request
    request._messages = default_storage(request)
                        ^^^^^^^^^^^^^^^^^^^^^^^^
  File "C:\Users\Paula Rodrigues Rabe\AppData\Local\pypoetry\Cache\virtualenvs\escola-1rRjh7yl-py3.12\Lib\site-packages\django\contrib\messages\storage\__init__.py", line 12, in default_storage
    return import_string(settings.MESSAGE_STORAGE)(request)
           ^^^^^^^^^^^^^^^^^^^^^^^^^^^^^^^^^^^^^^^^^^^^^^^^
  File "C:\Users\Paula Rodrigues Rabe\AppData\Local\pypoetry\Cache\virtualenvs\escola-1rRjh7yl-py3.12\Lib\site-packages\django\contrib\messages\storage\fallback.py", line 17, in __init__
    storage_class(*args, **kwargs) for storage_class in self.storage_classes
    ^^^^^^^^^^^^^^^^^^^^^^^^^^^^^^
  File "C:\Users\Paula Rodrigues Rabe\AppData\Local\pypoetry\Cache\virtualenvs\escola-1rRjh7yl-py3.12\Lib\site-packages\django\contrib\messages\storage\cookie.py", line 92, in __init__
    self.signer = signing.get_cookie_signer(salt=self.key_salt)
                  ^^^^^^^^^^^^^^^^^^^^^^^^^^^^^^^^^^^^^^^^^^^^^
  File "C:\Users\Paula Rodrigues Rabe\AppData\Local\pypoetry\Cache\virtualenvs\escola-1rRjh7yl-py3.12\Lib\site-packages\django\core\signing.py", line 112, in get_cookie_signer
    key=_cookie_signer_key(settings.SECRET_KEY),
                           ^^^^^^^^^^^^^^^^^^^
  File "C:\Users\Paula Rodrigues Rabe\AppData\Local\pypoetry\Cache\virtualenvs\escola-1rRjh7yl-py3.12\Lib\site-packages\django\conf\__init__.py", line 90, in __getattr__
    raise ImproperlyConfigured("The SECRET_KEY setting must not be empty.")
django.core.exceptions.ImproperlyConfigured: The SECRET_KEY setting must not be empty.
Internal Server Error: /api/v2/cursos/1/
Traceback (most recent call last):
  File "C:\Users\Paula Rodrigues Rabe\AppData\Local\pypoetry\Cache\virtualenvs\escola-1rRjh7yl-py3.12\Lib\site-packages\django\core\handlers\exception.py", line 55, in inner
    response = get_response(request)
               ^^^^^^^^^^^^^^^^^^^^^
  File "C:\Users\Paula Rodrigues Rabe\AppData\Local\pypoetry\Cache\virtualenvs\escola-1rRjh7yl-py3.12\Lib\site-packages\django\utils\deprecation.py", line 128, in __call__
    response = self.process_request(request)
               ^^^^^^^^^^^^^^^^^^^^^^^^^^^^^
  File "C:\Users\Paula Rodrigues Rabe\AppData\Local\pypoetry\Cache\virtualenvs\escola-1rRjh7yl-py3.12\Lib\site-packages\django\contrib\messages\middleware.py", line 12, in process_request
    request._messages = default_storage(request)
                        ^^^^^^^^^^^^^^^^^^^^^^^^
  File "C:\Users\Paula Rodrigues Rabe\AppData\Local\pypoetry\Cache\virtualenvs\escola-1rRjh7yl-py3.12\Lib\site-packages\django\contrib\messages\storage\__init__.py", line 12, in default_storage
    return import_string(settings.MESSAGE_STORAGE)(request)
           ^^^^^^^^^^^^^^^^^^^^^^^^^^^^^^^^^^^^^^^^^^^^^^^^
  File "C:\Users\Paula Rodrigues Rabe\AppData\Local\pypoetry\Cache\virtualenvs\escola-1rRjh7yl-py3.12\Lib\site-packages\django\contrib\messages\storage\fallback.py", line 17, in __init__
    storage_class(*args, **kwargs) for storage_class in self.storage_classes
    ^^^^^^^^^^^^^^^^^^^^^^^^^^^^^^
  File "C:\Users\Paula Rodrigues Rabe\AppData\Local\pypoetry\Cache\virtualenvs\escola-1rRjh7yl-py3.12\Lib\site-packages\django\contrib\messages\storage\cookie.py", line 92, in __init__
    self.signer = signing.get_cookie_signer(salt=self.key_salt)
                  ^^^^^^^^^^^^^^^^^^^^^^^^^^^^^^^^^^^^^^^^^^^^^
  File "C:\Users\Paula Rodrigues Rabe\AppData\Local\pypoetry\Cache\virtualenvs\escola-1rRjh7yl-py3.12\Lib\site-packages\django\core\signing.py", line 112, in get_cookie_signer
    key=_cookie_signer_key(settings.SECRET_KEY),
                           ^^^^^^^^^^^^^^^^^^^
  File "C:\Users\Paula Rodrigues Rabe\AppData\Local\pypoetry\Cache\virtualenvs\escola-1rRjh7yl-py3.12\Lib\site-packages\django\conf\__init__.py", line 90, in __getattr__
    raise ImproperlyConfigured("The SECRET_KEY setting must not be empty.")
django.core.exceptions.ImproperlyConfigured: The SECRET_KEY setting must not be empty.
